[15Jan20 16:08:10.1477] Info: Time: 2020-01-15T16:08:10-0700 IP: 192.168.1.202 Country:  Region:  City:  Latitude: 0.0000 Longitude: 0.0000 ISP:  User-Agent: Mozilla/5.0 (Windows NT 10.0; Win64; x64) AppleWebKit/537.36 (KHTML, like Gecko) Chrome/79.0.3945.117 Safari/537.36
[15Jan20 16:12:43.3137] Info: IP: 192.168.1.202 User-Agent: Mozilla/5.0 (Windows NT 10.0; Win64; x64) AppleWebKit/537.36 (KHTML, like Gecko) Chrome/79.0.3945.117 Safari/537.36
[15Jan20 16:13:47.6935] Info: IP: 192.168.1.202 User-Agent: Mozilla/5.0 (Windows NT 10.0; Win64; x64) AppleWebKit/537.36 (KHTML, like Gecko) Chrome/79.0.3945.117 Safari/537.36
